
> web@0.1.0 build C:\Users\MustafaSalah\Documents\GitHub\Store\apps\web
> next build

▲ Next.js 16.2.4 (Turbopack)
- Environments: .env.local

  Creating an optimized production build ...
✓ Compiled successfully in 21.3s
  Skipping validation of types
  Finished TypeScript config validation in 98ms ...
  Collecting page data using 7 workers ...
  Generating static pages using 7 workers (0/22) ...
  Generating static pages using 7 workers (5/22) 
  Generating static pages using 7 workers (10/22) 
  Generating static pages using 7 workers (16/22) 
✓ Generating static pages using 7 workers (22/22) in 1810ms
  Finalizing page optimization ...

Route (app)
┌ ○ /
├ ○ /_not-found
├ ○ /about
├ ○ /admin
├ ○ /admin/finances
├ ○ /admin/orders
├ ○ /admin/products
├ ○ /admin/settings
├ ○ /admin/staff
├ ○ /checkout
├ ○ /contact
├ ○ /dashboard
├ ○ /delivery-person/dashboard
├ ƒ /delivery/[id]
├ ƒ /delivery/order/[orderId]
├ ○ /language-demo
├ ○ /login
├ ○ /orders
├ ○ /privacy
├ ƒ /product/[id]
├ ○ /register
├ ƒ /shop/[slug]
├ ○ /success
├ ○ /sustainability
└ ○ /terms


○  (Static)   prerendered as static content
ƒ  (Dynamic)  server-rendered on demand

